../Core/Src/main.c:75:6:delay_1us	16	static
../Core/Src/main.c:80:6:LCD_Command	32	static
../Core/Src/main.c:92:6:LCD_Data	32	static
../Core/Src/main.c:104:6:LCD_Init	8	static
../Core/Src/main.c:130:6:LCD_GotoXY	24	static
../Core/Src/main.c:138:6:LCD_String	16	static
../Core/Src/main.c:146:6:LCD_GotoXY_String	24	static
../Core/Src/main.c:164:6:Flash_Erase	40	static
../Core/Src/main.c:176:6:Flash_WriteData	24	static
../Core/Src/main.c:182:5:Flash_ReadData	16	static
../Core/Src/main.c:186:6:Int2String	16	static
../Core/Src/main.c:191:6:Set_Pin_Output	32	static
../Core/Src/main.c:201:6:Set_Pin_Input	32	static
../Core/Src/main.c:214:6:DHT11_Init	8	static
../Core/Src/main.c:223:9:DHT11_Check	16	static
../Core/Src/main.c:237:9:DHT11_Read	16	static
../Core/Src/main.c:253:6:HAL_TIM_PeriodElapsedCallback	16	static
../Core/Src/main.c:294:5:main	8	static
../Core/Src/main.c:369:6:SystemClock_Config	72	static
../Core/Src/main.c:409:13:MX_I2C1_Init	8	static
../Core/Src/main.c:443:13:MX_TIM2_Init	32	static
../Core/Src/main.c:488:13:MX_TIM3_Init	32	static
../Core/Src/main.c:533:13:MX_USART1_UART_Init	8	static
../Core/Src/main.c:566:13:MX_GPIO_Init	40	static
../Core/Src/main.c:599:6:Error_Handler	4	static,ignoring_inline_asm
