16:39:15 **** Incremental Build of configuration Debug for project Demo ****
make -j8 all 
arm-none-eabi-gcc "../Core/Src/main.c" -mcpu=cortex-m3 -std=gnu11 -g3 -DDEBUG -DUSE_HAL_DRIVER -DSTM32F103xB -c -I../Core/Inc -I../Drivers/STM32F1xx_HAL_Driver/Inc/Legacy -I../Drivers/STM32F1xx_HAL_Driver/Inc -I../Drivers/CMSIS/Device/ST/STM32F1xx/Include -I../Drivers/CMSIS/Include -O0 -ffunction-sections -fdata-sections -Wall -fstack-usage -fcyclomatic-complexity -MMD -MP -MF"Core/Src/main.d" -MT"Core/Src/main.o" --specs=nano.specs -mfloat-abi=soft -mthumb -o "Core/Src/main.o"
arm-none-eabi-gcc -o "Demo.elf" @"objects.list"   -mcpu=cortex-m3 -T"P:\Prj\Demo\Demo\STM32F103C8TX_FLASH.ld" --specs=nosys.specs -Wl,-Map="Demo.map" -Wl,--gc-sections -static --specs=nano.specs -mfloat-abi=soft -mthumb -u _printf_float -Wl,--start-group -lc -lm -Wl,--end-group
Finished building target: Demo.elf
 
arm-none-eabi-size   Demo.elf 
arm-none-eabi-objdump -h -S  Demo.elf  > "Demo.list"
   text	   data	    bss	    dec	    hex	filename
  27908	    496	   2272	  30676	   77d4	Demo.elf
Finished building: default.size.stdout
 
Finished building: Demo.list
 

16:39:15 Build Finished. 0 errors, 0 warnings. (took 762ms)

